(:ns http://www.semanticweb.org/arjun/cuenet-main.owl# this)
(:ns http://www.loa-cnr.it/ontologies/DOLCE-Lite.owl# d)

(:source yahoo-geocoder
   (:rel person works-at named-place)
   (:attrs lat lon address)
   (:io network)
   (:type public)
   (:axioms
      (:map coordinates
         (:prop latitude lat)
         (:prop longitude lon) F [EQUALS])
      (:map address.street-address address F)))


//good old places database (from simplegeo)
(:source places-db
   (:rel person works-at named-place)
   (:attrs lat lon address)
   (:io disk (:db mongodb))
   (:type public)
   (:axioms
      (:map coordinates
         (:prop latitude lat)
         (:prop longitude lon) F [S_NEARBY])
      (:map address.street-address address F)))


(:source google-calendar 
   (:attrs event email time location title description attendee)
   (:rel ev type-of event)
   (:rel owner type-of person)
   (:rel ti type-of time-interval)
   (:rel ev occurs-during ti)
   (:rel participant type-of person)
   (:rel owner participant-of ev)
   (:rel participant participant-of ev)
   (:io disk (:db mongodb))
   (:type personal)
   (:axioms
      (:map ev event)
      (:map ti time)
      (:map owner.email email B)
      (:map ev.occurs-during time)
      (:map ev.occurs-at location)
      (:map participant attendee)
      (:map ev.title title U)
      (:map ev.description description U)))


(:source fb-user
   (:attrs id name birthday location work email)
   (:rel person type-of person)
   (:rel named-place type-of named-place)
   (:rel address type-of address)
   (:rel person works-at named-place)
   (:rel person lives-at address)
   (:io disk (:db mongodb))
   (:type personal)
   (:axioms
      (:map person.name name)
      (:map person.dob birthday)
      (:map address.street-address location.name)
      (:map named-place.name work.name)))


(:source email
   (:attrs from to cc)
   (:rel pf type-of person)
   (:rel pt type-of person)
   (:rel pc type-of person)
   (:io disk (:db mongodb))
   (:type personal)
   (:axioms
      (:map pf.email from)
      (:map pt.email to)
      (:map pc.email cc)))


(:source fb-relation
   (:attrs name1 name2)
   (:rel p1 type-of person)
   (:rel p2 type-of person)
   (:rel p1 knows p2)
   (:io disk (:db mongodb))
   (:type personal)
   (:axioms
      (:map p1.name name1 F)
      (:map p2.name name2 U)))

//(:source conferences
//   (:attrs time location ltitle stitle url)
//   (:rel conf type-of event)
//   (:rel time type-of time-interval)
//   (:rel loc type-of location)
//   (:rel conf occurs-at location)
//   (:rel conf occurs-during time)
//   (:axioms
//      (:map time time)
//      (:map loc location)
//      (:map conf.title ltitle)
//      (:map conf.name stitle)
//      (:map conf.url url)))


(:source conferences
   (:attrs url name time location ltitle stitle)
   (:rel conf type-of conference)
   (:rel time type-of time-interval)
   (:rel loc type-of location)
   (:rel attendee type-of person)
   (:rel attendee participant-in conf)
   (:rel conf occurs-at location)
   (:rel conf occurs-during time)
   (:axioms
      (:map time time)
      (:map loc location)
      (:map conf.title ltitle)
      (:map conf.name stitle)
      (:map conf.url url)
      (:map attendee.name name)))


//(:source fb-user-old
//        (:attrs id dob name location work[] email)
//        (:rel person works-at named-place)
//        (:io disk (:db mongodb))
//        (:type personal)
//        (:axioms
//        (:map person.name name)
//        (:map person.dob birthday)
//        (:map person.location location)
//        (:map person.gender gender)
//        (:map named-place.name work[].name)))
