(:ns http://www.semanticweb.org/arjun/cuenet-main.owl# this)
(:ns http://www.loa-cnr.it/ontologies/DOLCE-Lite.owl# d)

(:source yahoo-geocoder
   (:rel person works-at named-place)
   (:attrs lat lon address)
   (:io network)
   (:type public)
   (:axioms
      (:map coordinates
         (:prop latitude lat)
         (:prop longitude lon) F [EQUALS])
      (:map address.street-address address F)))


//good old places database (from simplegeo)
(:source places-db
   (:rel person works-at named-place)
   (:attrs lat lon address)
   (:io disk (:db mongodb))
   (:type public)
   (:axioms
      (:map coordinates
         (:prop latitude lat)
         (:prop longitude lon) F [S_NEARBY])
      (:map address.street-address address F)))


(:source google-calendar 
   (:attrs email title description participant[])
   (:rel person works-at named-place)
   (:io disk (:db mongodb))
   (:type personal)
   (:axioms
      (:map person.email email F [EQUALS])
      (:map event.title title)
      (:map event.description description)
      (:map event.participant participant)))
      
      
(:source fb-user
   (:attrs id dob name location work[] email)
   (:rel person works-at named-place)
   (:io disk (:db mongodb))
   (:type personal)
   (:axioms
      (:map person.name name)
      (:map person.dob birthday)
      (:map person.location location)
      (:map person.gender gender)
      (:map named-place.name work[].name)))
